<html>
<body>
<pre>
<h1>µVision Build Log</h1>
<h2>Tool Versions:</h2>
IDE-Version: ¦ÌVision V5.28.0.0
Copyright (C) 2019 ARM Ltd and ARM Germany GmbH. All rights reserved.
License Information: Chengpei Wu, WHUT, LIC=65ISZ-J3GDZ-45IT5-GGCUX-N60J9-CYQG7
 
Tool Versions:
Toolchain:       MDK-ARM Plus  Version: 5.28.0.0
Toolchain Path:  D:\Keil_v5\ARM\ARMCC\Bin
C Compiler:      Armcc.exe V5.06 update 6 (build 750)
Assembler:       Armasm.exe V5.06 update 6 (build 750)
Linker/Locator:  ArmLink.exe V5.06 update 6 (build 750)
Library Manager: ArmAr.exe V5.06 update 6 (build 750)
Hex Converter:   FromElf.exe V5.06 update 6 (build 750)
CPU DLL:         SARMCM3.DLL V5.28.0.0
Dialog DLL:      DCM.DLL V1.17.3.0
Target DLL:      STLink\ST-LINKIII-KEIL_SWO.dll V3.0.6.0
Dialog DLL:      TCM.DLL V1.36.2.0
 
<h2>Project:</h2>
C:\Users\WuChengpei\Desktop\people up\STM32\Project\HAL\IR_Scan_TEST\MDK-ARM\IR_Scan_TEST.uvprojx
Project File Date:  10/15/2022

<h2>Output:</h2>
*** Using Compiler 'V5.06 update 6 (build 750)', folder: 'D:\Keil_v5\ARM\ARMCC\Bin'
Rebuild target 'IR_Scan_TEST'
assembling startup_stm32f103xb.s...
compiling stm32f1xx_it.c...
../Core/Inc/main.h(89): warning:  #29-D: expected an expression
  #elif
../Core/Src/stm32f1xx_it.c: 1 warning, 0 errors
compiling main.c...
../Core/Inc/main.h(89): warning:  #29-D: expected an expression
  #elif
../Core/Src/main.c: 1 warning, 0 errors
compiling stm32f1xx_hal_gpio_ex.c...
compiling stm32f1xx_hal_gpio.c...
compiling stm32f1xx_hal_msp.c...
../Core/Inc/main.h(89): warning:  #29-D: expected an expression
  #elif
../Core/Src/stm32f1xx_hal_msp.c: 1 warning, 0 errors
compiling stm32f1xx_hal_rcc_ex.c...
compiling gpio.c...
../Core/Inc/main.h(89): warning:  #29-D: expected an expression
  #elif
../Core/Src/gpio.c: 1 warning, 0 errors
compiling usart.c...
../Core/Inc/main.h(89): warning:  #29-D: expected an expression
  #elif
../Core/Src/usart.c: 1 warning, 0 errors
compiling stm32f1xx_hal_tim.c...
compiling stm32f1xx_hal.c...
compiling stm32f1xx_hal_tim_ex.c...
compiling stm32f1xx_hal_dma.c...
compiling stm32f1xx_hal_uart.c...
compiling stm32f1xx_hal_rcc.c...
compiling stm32f1xx_hal_cortex.c...
compiling system_stm32f1xx.c...
compiling stm32f1xx_hal_flash.c...
compiling stm32f1xx_hal_pwr.c...
compiling stm32f1xx_hal_exti.c...
compiling stm32f1xx_hal_flash_ex.c...
linking...
Program Size: Code=4632 RO-data=292 RW-data=20 ZI-data=1108  
FromELF: creating hex file...
"IR_Scan_TEST\IR_Scan_TEST.axf" - 0 Error(s), 5 Warning(s).

<h2>Software Packages used:</h2>

Package Vendor: ARM
                http://www.keil.com/pack/ARM.CMSIS.5.5.1.pack
                ARM.CMSIS.5.5.1
                CMSIS (Cortex Microcontroller Software Interface Standard)
   * Component: CORE Version: 5.2.0

Package Vendor: Keil
                http://www.keil.com/pack/Keil.STM32F1xx_DFP.2.2.0.pack
                Keil.STM32F1xx_DFP.2.2.0
                STMicroelectronics STM32F1 Series Device Support, Drivers and Examples

<h2>Collection of Component include folders:</h2>
  .\RTE\_IR_Scan_TEST
  D:\Keil_v5\ARM\PACK\ARM\CMSIS\5.5.1\CMSIS\Core\Include
  D:\Keil_v5\ARM\PACK\Keil\STM32F1xx_DFP\2.2.0\Device\Include

<h2>Collection of Component Files used:</h2>

   * Component: ARM::CMSIS:CORE:5.2.0
Build Time Elapsed:  00:00:03
</pre>
</body>
</html>
