<html>
<body>
<pre>
<h1>µVision Build Log</h1>
<h2>Tool Versions:</h2>
IDE-Version: ¦ÌVision V5.27.1.0
Copyright (C) 2019 ARM Ltd and ARM Germany GmbH. All rights reserved.
License Information: Chengpei Wu, WHUT, LIC=X96CK-ZSM9M-2ZYW4-FS3XM-3YTSZ-MBVWC
 
Tool Versions:
Toolchain:       MDK-ARM Plus  Version: 5.28.0.0
Toolchain Path:  C:\Keil_v5\ARM\ARMCC\Bin
C Compiler:      Armcc.exe V5.06 update 6 (build 750)
Assembler:       Armasm.exe V5.06 update 6 (build 750)
Linker/Locator:  ArmLink.exe V5.06 update 6 (build 750)
Library Manager: ArmAr.exe V5.06 update 6 (build 750)
Hex Converter:   FromElf.exe V5.06 update 6 (build 750)
CPU DLL:         SARMCM3.DLL V5.28.0.0
Dialog DLL:      DCM.DLL V1.17.3.0
Target DLL:      STLink\ST-LINKIII-KEIL_SWO.dll V3.0.6.0
Dialog DLL:      TCM.DLL V1.36.2.0
 
<h2>Project:</h2>
C:\Users\WuChengpei\Desktop\people up\stm32\project\store\keyled\USER\KEYLED.uvprojx
Project File Date:  08/11/2022

<h2>Output:</h2>
*** Using Compiler 'V5.06 update 6 (build 750)', folder: 'C:\Keil_v5\ARM\ARMCC\Bin'
Rebuild target 'KEYLED'
assembling startup_stm32f10x_md.s...
compiling main.c...
..\MYLIB\LED\led.h(16): warning:  #1-D: last line of file ends without a newline
  #endif
..\MYLIB\KEY\key.h(18): warning:  #1-D: last line of file ends without a newline
  #endif
main.c(34): warning:  #42-D: operand types are incompatible ("void (*)(u16)" and "void (*)(void)")
  		 LED_Mode = key_cnt == 0 ? LED_Blink : (key_cnt == 1 ? LED_Turn_On : LED_Turn_Off);
main.c(34): warning:  #513-D: a value of type "void (*)(u16)" cannot be assigned to an entity of type "pFunc"
  		 LED_Mode = key_cnt == 0 ? LED_Blink : (key_cnt == 1 ? LED_Turn_On : LED_Turn_Off);
main.c: 4 warnings, 0 errors
compiling stm32f10x_it.c...
compiling core_cm3.c...
compiling system_stm32f10x.c...
compiling misc.c...
compiling stm32f10x_bkp.c...
compiling stm32f10x_crc.c...
compiling stm32f10x_dbgmcu.c...
compiling stm32f10x_dac.c...
compiling stm32f10x_dma.c...
compiling stm32f10x_exti.c...
compiling stm32f10x_cec.c...
compiling stm32f10x_adc.c...
compiling stm32f10x_can.c...
compiling stm32f10x_flash.c...
compiling stm32f10x_fsmc.c...
compiling stm32f10x_gpio.c...
compiling stm32f10x_i2c.c...
compiling stm32f10x_iwdg.c...
compiling stm32f10x_rcc.c...
compiling stm32f10x_rtc.c...
compiling stm32f10x_usart.c...
compiling delay.c...
compiling led.c...
..\MYLIB\LED\led.h(16): warning:  #1-D: last line of file ends without a newline
  #endif
..\MYLIB\LED\led.c(32): warning:  #1-D: last line of file ends without a newline
  }
..\MYLIB\LED\led.c: 2 warnings, 0 errors
compiling stm32f10x_spi.c...
compiling stm32f10x_wwdg.c...
compiling stm32f10x_sdio.c...
compiling stm32f10x_pwr.c...
compiling usart.c...
compiling key.c...
..\MYLIB\KEY\key.h(18): warning:  #1-D: last line of file ends without a newline
  #endif
..\MYLIB\KEY\key.c(26): warning:  #1-D: last line of file ends without a newline
  }
..\MYLIB\KEY\key.c: 2 warnings, 0 errors
compiling stm32f10x_tim.c...
compiling sys.c...
linking...
Program Size: Code=1760 RO-data=268 RW-data=36 ZI-data=1836  
FromELF: creating hex file...
"..\OBJ\Template_F103RB.axf" - 0 Error(s), 8 Warning(s).

<h2>Software Packages used:</h2>

Package Vendor: Keil
                http://www.keil.com/pack/Keil.STM32F1xx_DFP.1.0.5.pack
                Keil.STM32F1xx_DFP.1.0.5
                STMicroelectronics STM32F1 Series Device Support, Drivers and Examples

<h2>Collection of Component include folders:</h2>
  .\RTE\_KEYLED
  C:\Users\WuChengpei\AppData\Local\Arm\Packs\Keil\STM32F1xx_DFP\1.0.5\Device\Include

<h2>Collection of Component Files used:</h2>
Build Time Elapsed:  00:00:02
</pre>
</body>
</html>
