<html>
<body>
<pre>
<h1>µVision Build Log</h1>
<h2>Tool Versions:</h2>
IDE-Version: ¦ÌVision V5.14.0.0
Copyright (C) 2015 ARM Ltd and ARM Germany GmbH. All rights reserved.
License Information: Chengpei Wu, WHUT, LIC=65ISZ-J3GDZ-45IT5-GGCUX-N60J9-CYQG7
 
Tool Versions:
Toolchain:       MDK-ARM Standard  Version: 5.14.0.0
Toolchain Path:  D:\Keil_v5\ARM\ARMCC\Bin
C Compiler:      Armcc.exe V5.05 update 1 (build 106)
Assembler:       Armasm.exe V5.05 update 1 (build 106)
Linker/Locator:  ArmLink.exe V5.05 update 1 (build 106)
Library Manager: ArmAr.exe V5.05 update 1 (build 106)
Hex Converter:   FromElf.exe V5.05 update 1 (build 106)
CPU DLL:         SARMCM3.DLL V5.14.0.0
Dialog DLL:      DCM.DLL V1.13.1.0
Target DLL:      STLink\ST-LINKIII-KEIL_SWO.dll V2.0.14.0_KEIL
Dialog DLL:      TCM.DLL V1.14.4.0
 
<h2>Project:</h2>
C:\Users\WuChengpei\Desktop\People UP\STM32\Project\HAL\UART\MDK-ARM\UART.uvprojx
Project File Date:  08/17/2022

<h2>Output:</h2>
Rebuild target 'UART'
assembling startup_stm32f103xb.s...
compiling main.c...
../Core/Inc/main.h(84): warning:  #29-D: expected an expression
  #elif
../Core/Src/main.c: 1 warning, 0 errors
compiling gpio.c...
../Core/Inc/main.h(84): warning:  #29-D: expected an expression
  #elif
../Core/Src/gpio.c: 1 warning, 0 errors
compiling dma.c...
../Core/Inc/main.h(84): warning:  #29-D: expected an expression
  #elif
../Core/Src/dma.c: 1 warning, 0 errors
compiling usart.c...
../Core/Inc/main.h(84): warning:  #29-D: expected an expression
  #elif
../Core/Src/usart.c: 1 warning, 0 errors
compiling stm32f1xx_it.c...
../Core/Inc/main.h(84): warning:  #29-D: expected an expression
  #elif
../Core/Src/stm32f1xx_it.c: 1 warning, 0 errors
compiling stm32f1xx_hal_msp.c...
../Core/Inc/main.h(84): warning:  #29-D: expected an expression
  #elif
../Core/Src/stm32f1xx_hal_msp.c: 1 warning, 0 errors
compiling stm32f1xx_hal_gpio_ex.c...
compiling stm32f1xx_hal_tim.c...
compiling stm32f1xx_hal_tim_ex.c...
compiling stm32f1xx_hal_uart.c...
compiling stm32f1xx_hal.c...
compiling stm32f1xx_hal_rcc.c...
compiling stm32f1xx_hal_rcc_ex.c...
compiling stm32f1xx_hal_gpio.c...
compiling stm32f1xx_hal_dma.c...
compiling stm32f1xx_hal_cortex.c...
compiling stm32f1xx_hal_pwr.c...
compiling stm32f1xx_hal_flash.c...
compiling stm32f1xx_hal_flash_ex.c...
compiling stm32f1xx_hal_exti.c...
compiling system_stm32f1xx.c...
linking...
Program Size: Code=6336 RO-data=292 RW-data=20 ZI-data=1292  
FromELF: creating hex file...
"UART\UART.axf" - 0 Error(s), 6 Warning(s).

<h2>Software Packages used:</h2>

Package Vendor: ARM
                http://www.keil.com/pack/ARM.CMSIS.4.2.0.pack
                ARM::CMSIS:CORE:3.40.0
                CMSIS (Cortex Microcontroller Software Interface Standard)
   * Component: CORE Version: 3.40.0

<h2>Collection of Component include folders:</h2>
  C:\Users\WuChengpei\Desktop\People UP\STM32\Project\HAL\UART\MDK-ARM\RTE
  D:\Keil_v5\ARM\PACK\ARM\CMSIS\4.2.0\CMSIS\Include
  D:\Keil_v5\ARM\PACK\Keil\STM32F1xx_DFP\2.2.0

<h2>Collection of Component Files used:</h2>

   * Component: ARM::CMSIS:CORE:3.40.0
      Source file:   CMSIS\UserCodeTemplates\ARM\ITM_Retarget.c
</pre>
</body>
</html>
