<html>
<body>
<pre>
<h1>礦ision Build Log</h1>
<h2>Tool Versions:</h2>
IDE-Version: μVision V5.28.0.0
Copyright (C) 2019 ARM Ltd and ARM Germany GmbH. All rights reserved.
License Information: Chengpei Wu, WHUT, LIC=65ISZ-J3GDZ-45IT5-GGCUX-N60J9-CYQG7
 
Tool Versions:
Toolchain:       MDK-ARM Plus  Version: 5.28.0.0
Toolchain Path:  D:\Keil_v5\ARM\ARMCC\Bin
C Compiler:      Armcc.exe V5.06 update 6 (build 750)
Assembler:       Armasm.exe V5.06 update 6 (build 750)
Linker/Locator:  ArmLink.exe V5.06 update 6 (build 750)
Library Manager: ArmAr.exe V5.06 update 6 (build 750)
Hex Converter:   FromElf.exe V5.06 update 6 (build 750)
CPU DLL:         SARMCM3.DLL V5.28.0.0
Dialog DLL:      DCM.DLL V1.17.3.0
Target DLL:      CMSIS_AGDI.dll V1.31.18.0
Dialog DLL:      TCM.DLL V1.36.2.0
 
<h2>Project:</h2>
E:\Desktop\people up\stm32\Project\Store\31-内部flash实验\Template.uvprojx
Project File Date:  01/16/2023

<h2>Output:</h2>
*** Using Compiler 'V5.06 update 6 (build 750)', folder: 'D:\Keil_v5\ARM\ARMCC\Bin'
Build target 'Target 1'
compiling stm32_flash.c...
APP\stm32_flash\stm32_flash.c(41): warning:  #177-D: variable "secpos"  was declared but never referenced
      u32 secpos;    // 扇区地址
APP\stm32_flash\stm32_flash.c(42): warning:  #177-D: variable "secoff"  was declared but never referenced
      u16 secoff;    // 扇区内偏移
APP\stm32_flash\stm32_flash.c(43): warning:  #177-D: variable "secremain"  was declared but never referenced
      u16 secremain; // 扇区剩余
APP\stm32_flash\stm32_flash.c(44): warning:  #177-D: variable "i"  was declared but never referenced
      u16 i;
APP\stm32_flash\stm32_flash.c(45): warning:  #177-D: variable "offaddr"  was declared but never referenced
      u32 offaddr;
APP\stm32_flash\stm32_flash.c: 5 warnings, 0 errors
compiling stm32f10x_flash.c...
linking...
Program Size: Code=8068 RO-data=19088 RW-data=48 ZI-data=5336  
FromELF: creating hex file...
".\Obj\Template.axf" - 0 Error(s), 5 Warning(s).

<h2>Software Packages used:</h2>

Package Vendor: Keil
                http://www.keil.com/pack/Keil.STM32F1xx_DFP.2.2.0.pack
                Keil.STM32F1xx_DFP.2.2.0
                STMicroelectronics STM32F1 Series Device Support, Drivers and Examples

<h2>Collection of Component include folders:</h2>
  .\RTE\_Target_1
  D:\Keil_v5\ARM\PACK\Keil\STM32F1xx_DFP\2.2.0\Device\Include

<h2>Collection of Component Files used:</h2>
Build Time Elapsed:  00:00:01
</pre>
</body>
</html>
